Loading weights:   0%|          | 0/339 [00:00<?, ?it/s]Loading weights:   0%|          | 1/339 [00:00<01:15,  4.45it/s]Loading weights:   1%|          | 2/339 [00:00<01:14,  4.50it/s]Loading weights:   2%|▏         | 6/339 [00:00<00:25, 13.31it/s]Loading weights:   5%|▌         | 18/339 [00:00<00:07, 41.69it/s]Loading weights:   9%|▉         | 30/339 [00:00<00:04, 62.20it/s]Loading weights:  12%|█▏        | 42/339 [00:00<00:03, 77.55it/s]Loading weights:  16%|█▌        | 54/339 [00:00<00:03, 89.07it/s]Loading weights:  19%|█▉        | 66/339 [00:01<00:02, 96.62it/s]Loading weights:  23%|██▎       | 78/339 [00:01<00:02, 102.28it/s]Loading weights:  27%|██▋       | 90/339 [00:01<00:02, 106.91it/s]Loading weights:  30%|███       | 102/339 [00:01<00:02, 108.87it/s]Loading weights:  34%|███▎      | 114/339 [00:01<00:02, 111.16it/s]Loading weights:  37%|███▋      | 126/339 [00:01<00:01, 112.19it/s]Loading weights:  41%|████      | 138/339 [00:01<00:01, 113.98it/s]Loading weights:  44%|████▍     | 150/339 [00:01<00:01, 113.30it/s]Loading weights:  48%|████▊     | 162/339 [00:01<00:01, 114.45it/s]Loading weights:  51%|█████▏    | 174/339 [00:02<00:01, 115.17it/s]Loading weights:  56%|█████▌    | 190/339 [00:02<00:01, 126.85it/s]Loading weights:  61%|██████    | 206/339 [00:02<00:00, 136.38it/s]Loading weights:  65%|██████▍   | 220/339 [00:02<00:00, 125.82it/s]Loading weights:  69%|██████▊   | 233/339 [00:02<00:00, 119.22it/s]Loading weights:  73%|███████▎  | 246/339 [00:02<00:00, 115.75it/s]Loading weights:  76%|███████▌  | 258/339 [00:02<00:00, 114.07it/s]Loading weights:  81%|████████  | 274/339 [00:02<00:00, 124.96it/s]Loading weights:  85%|████████▍ | 288/339 [00:02<00:00, 128.84it/s]Loading weights:  90%|████████▉ | 304/339 [00:03<00:00, 128.72it/s]Loading weights:  94%|█████████▎| 317/339 [00:03<00:00, 120.97it/s]Loading weights:  97%|█████████▋| 330/339 [00:03<00:00, 117.14it/s]Loading weights: 100%|██████████| 339/339 [00:03<00:00, 102.74it/s]
--- FULL OUTPUT ---
[PROACTIVE JITAI - ELEVATED HR] Your resting heart rate is noticeably higher than your personal baseline. Let's take a deep breath together. Inhale for 4 seconds, hold for 4, exhale for 4.
